digraph main {
 b0;
 b1;
 somewhere;
 b0 -> somewhere;
 b1 -> somewhere;
}
paths: {'b0': 0, 'somewhere': 1}
rpo: ['b0', 'somewhere']
backs: []
reducible: True
